// Jest Snapshot v1, https://goo.gl/fbAQLP

exports[`Textfield renders correctly 1`] = `
<Fragment>
  <input
    name="testTextfield"
    onChange={[Function]}
    style={
      Object {
        "border": "solid 1px",
        "borderColor": "rgba(210, 210, 210, 1)",
        "borderTopColor": "rgba(194, 194, 194, 1)",
        "fontSize": "1em",
        "height": "2em",
        "paddingLeft": "0.4em",
        "width": "100%",
      }
    }
    type="text"
    value="val"
  />
</Fragment>
`;
