// Jest Snapshot v1, https://goo.gl/fbAQLP

exports[`Textfield renders correctly 1`] = `
<Fragment>
  <textarea
    className="nxrm-textarea"
  />
</Fragment>
`;
